Fri Jan 5 12:33:32 AM PST 2024
